warning: Git tree '/home/zxcv/Projects/homolog' is dirty
these 255 derivations will be built:
  /nix/store/04d047pi8whg8hqc4sli830ii699pc58-hostname.drv
  /nix/store/04ykmik1m38maxjs63279rb7fdr6dy5m-unit-modprobe-.service.drv
  /nix/store/0c5girc0d3k35vwpb3bc0f6lf2wyy20k-unit-systemd-update-utmp.service.drv
  /nix/store/0im75hj6gy0dd0j0yd99b1rwnwh7wraa-nuke-refs.drv
  /nix/store/0kcr1j9ksns1l61h64iy53f3s4d8ixgs-login.pam.drv
  /nix/store/0r0lbzakd2xdr5xnsxqsqs2nrdcbnbix-users-groups.json.drv
  /nix/store/0vj78zf0r7hawblib2a8gzyq59z1hkly-groupmod.pam.drv
  /nix/store/1ln5l2yxb3ylbf8j442i63kywkjh19xy-nixos-tmpfiles.d.drv
  /nix/store/1vg4m44c0bmgvv1815y5kh1ci6lakfhn-unit-dbus.socket.drv
  /nix/store/pfw3yd2v2sz1yhfnkhiivlclhmpnvc5n-etc-systemd-journald.conf.drv
  /nix/store/1xfywk1ajc7cd8a6n25dbsy641r7afsb-X-Restart-Triggers-systemd-journald-.drv
  /nix/store/8vilqdgwdwld2h425srq06vf8y5dinp4-string-hosts.drv
  /nix/store/cj5m9iwzlygqa5sbqvdkp8dzxcm8bgac-localhost-hosts.drv
  /nix/store/w657rq2r3csrhq3g0cb4qm6p6ld6fi5j-extra-hosts.drv
  /nix/store/22pz38h89n8id16gj9az8r7iam2gfpik-hosts.drv
  /nix/store/4yx8cjm48cm8yb01pjkpqkawbyyphxvx-etc-systemd-timesyncd.conf.drv
  /nix/store/25zd7cql61cpvs9ir40pklk14hkbhy8g-X-Restart-Triggers-systemd-timesyncd.drv
  /nix/store/kh9x0j62zs5hrkj7nffrdmp00bdkfph7-initrd-fstab.drv
  /nix/store/28myv15l6b93r13lf903sa8bpqnnzkfn-initrd-system.conf.drv
  /nix/store/d326278kaclgmk0bhvl2b1lz1kg6lkvr-firewall-start.drv
  /nix/store/ziym00rl8h57vma1zxrqgsicq8lxqb2d-firewall-stop.drv
  /nix/store/gyadzwrv0s4xvrh8kv876i1jpbnl4dip-firewall-reload.drv
  /nix/store/2sxxqxmiadyykpn3kh7qvkrnpai4wab7-unit-firewall.service.drv
  /nix/store/l5lj2w1fgp1m3dr848k5krp0wga0sr0c-lessconfig.drv
  /nix/store/i3g10qnjavdll1fc35i2ydmxg4g0qab5-set-environment.drv
  /nix/store/30wwmgbmvwrr8jjdkv59bjpc6cxsjy8l-etc-profile.drv
  /nix/store/r4ppkdixicsp29a0q9yd996fsl9cf43j-nix.conf.drv
  /nix/store/f0ab8bfbxs94jwamliwq5bxr4469yiav-X-Restart-Triggers-nix-daemon.drv
  /nix/store/34a15ljcg38id852xkp75dbvxzay30ra-unit-nix-daemon.service.drv
  /nix/store/r5kjzsqzffnfla3dzl09xkf6l4nf8cm2-extlinux-conf-builder.sh.drv
  /nix/store/34n254xpc80qimm59cfc47vy0nk9vbql-install-extlinux-conf.sh.drv
  /nix/store/34wrqbk4igbg2c2bnk0gm4vmhh9wgyki-etc-systemd-system-preset-00-nixos.preset.drv
  /nix/store/37rh5y54kg79m0c6hvyhcwiz0s5x75s6-chsh.pam.drv
  /nix/store/9jrgq24qpi3kvv3v29g2hr9s7ahgq790-extra-udev-rules.drv
  /nix/store/gv7bzf41gmkbkwcfbhzwxwysim2fyzyr-extra-hwdb-file.drv
  /nix/store/lfd58d016vrfc1kl5nqjwjq1nfqmv8rc-ipv6-privacy-extensions.rules.drv
  /nix/store/xndwav3rklgp140l7xa0q0asnlmdvw7a-builder.pl.drv
  /nix/store/p6igiip8hcibn52plq2s7lmhh5zswxhs-udev-path.drv
  /nix/store/xhal9jsmvi3q3bhqmm119wzksimk9814-ipv6-privacy-extensions.rules.drv
  /nix/store/avhmdbdaymwd82vq2dcgkdiyxihb3qxc-udev-rules.drv
  /nix/store/70hvdcc02vn5hwisddllmnlmmgfnzhfa-X-Restart-Triggers-systemd-udevd.drv
  /nix/store/3cjac2g0pndga36wy7zhb0sl8f6acbkm-unit-systemd-udevd.service.drv
  /nix/store/3qnj8kqiardp9syw8q94hpmvnyrx0qm4-etc-nsswitch.conf.drv
  /nix/store/6f4i2y220mn2mrh21rbqk911harqarkv-initrd-nixos.conf.drv
  /nix/store/9dzq305b0kgq8bsqgwqqrkn4cxgbrfhg-initrd-shadow.drv
  /nix/store/9ysrgsyxngi5fzid9x5qzwwb2f8y8gh7-etc-modprobe.d-nixos.conf.drv
  /nix/store/a4lipznpig9ddw9vcda2ck4fbh7d77m9-initrd-shells.drv
  /nix/store/an4cpac6m34fafiz6pn7s12c5mfqajid-initrd-bin-env.drv
  /nix/store/4gyymz5bagd600h1nz9gs7pagqy1bczv-unit-sysroot-run.mount.drv
  /nix/store/85c4zimnjspd9yb35z06l2k6s4pcpfxg-unit-systemd-tmpfiles-setup-sysroot.service.drv
  /nix/store/99ccqp9k1mgnjp7w2v53l9pmqzpnhifz-unit-sockets.target.drv
  /nix/store/9d6cyxcy9s9d1bmrsdgrj7s7yrb97d4c-unit-initrd-switch-root.service.drv
  /nix/store/cx9805d1kxijcgvaz7sw4b60qq79b76x-unit-systemd-tmpfiles-setup.service.drv
  /nix/store/dirad6g0kdn28bb5d34xffqb16qcjlvd-unit-panic-on-fail.service.drv
  /nix/store/gg0rkkpam1fsi6nzba69w2iff44545py-unit-modprobe-.service.drv
  /nix/store/hj4mhcxr3bqq8pm987fzg5asifm0zg0f-unit-dbus.socket.drv
  /nix/store/j1jxml1p5j55alhzcklcqq80dw9bn4ns-unit-initrd.target.drv
  /nix/store/pwl6saqvrm1i1dhwjhj23sc3c122l0pz-unit-script-initrd-nixos-activation-start.drv
  /nix/store/j8x6j2bnkq56nc0pwyv6cbm945xqilll-unit-initrd-nixos-activation.service.drv
  /nix/store/i4fx4s066p68kd5rqq261jf4p67vq1ps-unit-script-initrd-find-nixos-closure-start.drv
  /nix/store/k1k0asbclg7ghcj4l37dg9lgzcli1cg5-unit-initrd-find-nixos-closure.service.drv
  /nix/store/ld53h3fa2n3wdyddsvxchqvnsrqj58j7-unit-dbus.service.drv
  /nix/store/xw3gnghyyi01nfx6sjgjg4pylg55p57n-unit-initrd-parse-etc.service.drv
  /nix/store/cfn75d7478aypwv807xzi2gkldp8j99d-initrd-units.drv
  /nix/store/dy4n11bqpjky17ha8gcx609l3v4zv7lq-dbus-1.drv
  /nix/store/h6gz9dwxd3izwhdbzdwgflzvpdw76adw-initrd-unit-env.drv
  /nix/store/hi04waish9vw8j1w5svrk8vj4p7zci5y-console-env.drv
  /nix/store/js2mlwd5zhlajvvrfx3b8f4gr2zp9hgf-initrd-nixos.conf.drv
  /nix/store/k856x7s7wh0v6cfxk00qw8669p3z0j8p-vconsole.conf.drv
  /nix/store/pvj1vxrs9cz6mcr8pz7ksxr3s72ad5l0-initrd-hostname.drv
  /nix/store/rzv6vz5l5z06afipgvqxdr4p8xwnbn6i-initrd-release.drv
  /nix/store/y7rmscqv9f8a0nzn84qmcfl6spz43wwl-initrd-udev-rules.drv
  /nix/store/v0cfv258jfr7a08gfkz97ai5xfavbh2v-initrd-udev-rules.drv
  /nix/store/v66f02ah52r9nvqfzcgyknwdr01qksjw-initrd-group.drv
  /nix/store/80pzba16bqxqpak9z9kq2ksqgg7h97p8-linux-6.18.40-modules.drv
  /nix/store/mfizbr9cw0vw2qq9dgikwjdy0a75ns20-firmware.drv
  /nix/store/vllc8azhqmn9p9h8v3xlyhg9827n1vwj-linux-6.18.40-modules-shrunk.drv
  /nix/store/zrj3b3876v7mysjm0ign3hkrdihfwyjd-initrd-passwd.drv
  /nix/store/3xlz960c0hyq6l2yj9wsn3f8a8xcix0m-initrd-linux-6.18.40.drv
  /nix/store/40aa1i5j8qkfjjmdadw0wgfavgkmlwdi-etc-bash_logout.drv
  /nix/store/gamgmhx91hcmb6rx2skakkvl012f77fv-nixos-enter.drv
  /nix/store/43wm0anp8mc5cb5cmq3cg82saaynjy23-nixos-install.drv
  /nix/store/4pnxn23mp13h86rbw7s92sba3x6y3nsn-nixos.conf.drv
  /nix/store/875szi4v7pik0dbzvnligmlz7bvhhrq8-X-Restart-Triggers-systemd-modules-load.drv
  /nix/store/47gjpkh5lbyniym1lh0r0n7f6d77cgl2-unit-systemd-modules-load.service.drv
  /nix/store/49r343w5n3n84lhqhf28mqlfp90ysprj-etc-systemd-sleep.conf.drv
  /nix/store/4a8p0xsr29yhdq8g5r2fb1aswhr7hmwc-unit-logrotate.timer.drv
  /nix/store/4hm9hyylxks3nwfgm1lgacnv5zv2zadr-usermod.pam.drv
  /nix/store/50i4v7rw8q4219vl09b6zwcgxd53s3pp-etc-systemd-logind.conf.drv
  /nix/store/54qryhg7q0xvvj9kahsldzd20kam6n13-etc-ssh-ssh_config.drv
  /nix/store/552lij56lq7s5l84bcc0wj8nzg24bbi0-migrate-dhcpcd.drv
  /nix/store/570kpis593j3mqlpl6l6gwdvbipbb9zv-unit-sysinit-reactivation.target.drv
  /nix/store/zkyyh7lxlqz8nq94d9bk4yrd474l753n-logrotate.conf.drv
  /nix/store/5h6hwzn02fn9zvmyiyckbw1hg749rz5b-unit-logrotate.service.drv
  /nix/store/d0al9j55ryzhx6wfw7sqy21pcxz0j2hx-unit-script-nixos-activation-start.drv
  /nix/store/5p14bmnmmbg632jjmn7fdrgbc414h7vb-unit-nixos-activation.service.drv
  /nix/store/5qhk215cflbjgj23q6srr204s3qr70m2-unit-systemd-user-sessions.service.drv
  /nix/store/5rl29q5cab77xl1f4d6i8z1k2l3zpa2h-systemd-user.pam.drv
  /nix/store/5yycgl6vz95z7s8fpv44dbpkcwhb4g85-unit-systemd-zram-setup-.service.drv
  /nix/store/mw4i9b6p98qvarn849gccpn9pk803jgr-etc-resolvconf.conf.drv
  /nix/store/d6l8z4iqjz8bgr41lvdfrcgi24w9hw1k-X-Restart-Triggers-resolvconf.drv
  /nix/store/mfa34z9f6hfkrqiw4fzqjwvxmriyk67j-unit-script-resolvconf-start.drv
  /nix/store/5zzii0cslrh7yyw96kd4m470ylpn2fw7-unit-resolvconf.service.drv
  /nix/store/6462s36ly479r1y1caisnd3z99rx6cg5-mounts.sh.drv
  /nix/store/689081w0lp09dj6ribhlivdlkp4x1nff-unit-systemd-timesyncd.service.drv
  /nix/store/6ciyx40q6bc0f8aqxq1vjq2n92g0rvys-unit-dbus.service.drv
  /nix/store/6d7qdal02cpdw7rhazfhvb8xcm17ss52-passwd.pam.drv
  /nix/store/6k4adxa4391s8zrzrc1nh88ki08047yr-unit-user-runtime-dir-.service.drv
  /nix/store/6szhwv4b9kimdmlays1w155z5zd4cq4y-unit-user-.service.drv
  /nix/store/h4b1g4l5xg3b4jb5xplj4c4wfhb0a5ab-unit-script-suid-sgid-wrappers-start.drv
  /nix/store/6vbramq9rc04pcag7a7zsz7pjfibqnlq-unit-suid-sgid-wrappers.service.drv
  /nix/store/78bvzxrvj54q0jy0q7w6r02fwfyhgfb3-unit-nixos-fake-graphical-session.target.drv
  /nix/store/89bqd2immm03ws1pfkih6jmcqxp4b3v6-nixos-build-vms.drv
  /nix/store/hv06ig2bp1im09b2npqz5vz7xcgxa6ck-perl-5.42.0-env.drv
  /nix/store/8b4bgyhlry7zk158f4bzsk5jqf18m50c-nixos-generate-config.drv
  /nix/store/dpmrp9afa1xc4scqi2can3jdhnpm9dfs-nixos-version.drv
  /nix/store/q0vw8ifs5pvnm7kfk7xfln2zwayx5yis-system-path.drv
  /nix/store/xlvbkwv8ha9dj2iv0zqrdy7776yxdpcf-dbus-1.drv
  /nix/store/wb70k43lry1w1igaxyv28qqvq229xx8q-X-Restart-Triggers-dbus-broker.drv
  /nix/store/79p2jn12mjkijvl5wsyz7ngnd6k89b9h-unit-dbus-broker.service.drv
  /nix/store/7ig1m9nm8xz9zaymas0akl9vgap1a2pk-unit-container-getty-.service.drv
  /nix/store/7nr39i9np3hkqsd2d91mgvlvkfcv6pf4-unit-script-sleep-actions-pre-stop.drv
  /nix/store/7pkas06b3a4s0q27fmfb2li30bcspyar-unit-script-prepare-kexec-start.drv
  /nix/store/7w3dfd2hj4b0kqwlchr16zs0nf1rpd6n-unit-script-linger-users-start.drv
  /nix/store/7xywyh6wjx4bqz83r8v7lrrd8rdi47z9-unit-local-fs.target.drv
  /nix/store/dw770pf8pdjx8w28gcqq74d6mpinr6cz-etc-sysctl.d-60-nixos.conf.drv
  /nix/store/gbvsqlns0ljh8c85zm1236v19shxjv1x-X-Restart-Triggers-systemd-sysctl.drv
  /nix/store/84qf764y3x6gyvqx3f2yv0byhfb004bd-unit-systemd-sysctl.service.drv
  /nix/store/867slc2fmg5w0l77rc6jhk9m0lzhj74n-unit-user.slice.drv
  /nix/store/8884fgdz44zwf1iw5xcg8mzfd09dqmlz-etc-netgroup.drv
  /nix/store/9hwjxashd9afm2pcdzifcrbaz632xzam-etc-systemd-user-preset-00-nixos.preset.drv
  /nix/store/b4bac7hrz0bvd5g780psc9495998cppg-etc-lvm-lvm.conf.drv
  /nix/store/bcc032f09h9g1hq05x6sjv0m8cs5prkm-etc-man_db.conf.drv
  /nix/store/bm1xakinrzkxf04bsmli56amc62rdfi4-etc-host.conf.drv
  /nix/store/br7zn160vpham6zgjzb0pwh0hmicrkcm-etc-bashrc.drv
  /nix/store/c5a5xf5sbkarqkqs9fxx74d2r3ccix42-groupdel.pam.drv
  /nix/store/c904yd43w5a165ihn4cxq4y3nir4imv7-fontconfig-etc.drv
  /nix/store/chclypr5aji9jfrw98y23d65lj8p0lm3-etc-systemd-system.conf.drv
  /nix/store/cjdbhyk29wdc7hp5bfkwrwl50lvp848z-chpasswd.pam.drv
  /nix/store/d4ccbg40n9r8b7m6mh1c3nbbpvmjq6ij-hwdb.bin.drv
  /nix/store/d74zsr5mhhvh35hp25h8m4dzhrysd4zd-useradd.pam.drv
  /nix/store/dsp6l1g5b6kcvpliz48hv3ch0wrkkkmq-etc-shells.drv
  /nix/store/dxw70spv1dx3n0lqdqcy2aixwp3fdi72-zram-generator.conf.drv
  /nix/store/fb6da56dw8pdxc4pxmgi4xww50809h70-vlock.pam.drv
  /nix/store/g8pw6kbgfih786gkfj5m29bgm4c9bfzk-etc-nanorc.drv
  /nix/store/hll6j7nvi8l31ybgg94sz652wgxlzhdv-etc-environment.d-50-systemd-path.conf.drv
  /nix/store/iy0id0188qn2xxpzwhahwbknryvglky0-etc-fuse.conf.drv
  /nix/store/izlzjyf6f3v9rmjxzlywiyiza4rzk966-etc-lsb-release.drv
  /nix/store/izsj5pw0bk7wsn6s3qcx4jk16nhc9krd-etc-os-release.drv
  /nix/store/j59v384kbffygzfb4gvim0nv7vyyzlac-issue.drv
  /nix/store/j70a5qd0yisma5vk401pk3g7ycfk134z-useradd.drv
  /nix/store/jn067rwvhjmya5kkmsxjfgv8n57gf42h-etc-ssh-ssh_known_hosts.drv
  /nix/store/kdwcyyzbbmpi9z3qlwyf6vmk9i29ykl3-sudo.pam.drv
  /nix/store/kfc9gn1b4shs9jbfpa9lkvc79yzzsfnq-etc-systemd-oomd.conf.drv
  /nix/store/khg67wbfys36phklvgyj2x54vrpm4ik9-etc-modprobe.d-firmware.conf.drv
  /nix/store/kxd79kf9ldnl5pr8ndrf5vadncg9mqm6-etc-pam-environment.drv
  /nix/store/lj9xww0nnmwzwj3v1wzqfpysnp7z730a-etc-fstab.drv
  /nix/store/llzgbf03f96k4cvmrm9dyvql6c2xd7if-runuser-l.pam.drv
  /nix/store/m4hc52qwlp15wnfcagizv3kxf5kvwmf4-etc-gai.conf.drv
  /nix/store/mfwi6b0xsvqaf1bhw9cz533l0zxfkwyp-etc-nix-registry.json.drv
  /nix/store/mly48v0nacj62x42lhgiklkflh189y6q-chfn.pam.drv
  /nix/store/8sgnc35fgg9mp3924qd4v6gr68cp13xd-unit-system.slice.drv
  /nix/store/9h64d97391wfiqws1lf1bm9l58h0cxah-unit-systemd-nspawn-.service.drv
  /nix/store/fm5xykqqjw7y25br5a34yx29419z0zji-unit-script-network-local-commands-start.drv
  /nix/store/9p2hla6giym4ba5zfrl0wl0dvvv76ic3-unit-network-local-commands.service.drv
  /nix/store/sf5i9wdnf1kziynzn100vzszkz14y5ni-getty.drv
  /nix/store/jaw9k662smabh4n4ls5krr45l2s7ffgg-getty.drv
  /nix/store/9x00k75a4yrj8599qr2hznh3wrwx9pq5-unit-getty-.service.drv
  /nix/store/an53y7ah5hgbjpsyql7j6m6nfkrxpqw0-unit-networking-scripted.target.drv
  /nix/store/bcy501z8q94wm29n8030zrjq6svsj7j6-unit-serial-getty-.service.drv
  /nix/store/cfgbymimrr3ilgi3qp0yi8xw0f8ph9n0-unit-systemd-backlight-.service.drv
  /nix/store/czsmvsna0vaga8akfrs190a42sxqy6qd-unit-console-getty.service-disabled.drv
  /nix/store/nblx0x5r24fdg8bslrnmyrp2idwfmw2y-shutdown-ramfs-contents.json.drv
  /nix/store/d74c7lxbja3iggqzfbrxbd4cv9nvld8c-unit-generate-shutdown-ramfs.service.drv
  /nix/store/d7f6pjh8bb59f0c1wwgx8gjkmpnxrldc-unit-fstrim.timer.drv
  /nix/store/ddgx8abbzrslwb7hhj1szwac5lk39vrv-unit-systemd-mkswap-.service.drv
  /nix/store/zf3nfxsbi5vw7hiy2v9nd4h1sg072s1k-unit-script-nix-gc-start.drv
  /nix/store/dnxji5hd0rcm9p1k98ahlakid675z6k2-unit-nix-gc.service.drv
  /nix/store/dqx0nss62ncv7am6wzsvj9b78r9dsah3-unit-dbus-broker.service.drv
  /nix/store/g2ks4qx55bfrgp299j6md9d3377559cl-unit-kmod-static-nodes.service.drv
  /nix/store/g57rhg22jvjjhxvqyrhw6p6br8x7lfyw-unit-systemd-journald-.service.drv
  /nix/store/r5gviipsrb15ydxsryhg036rsmyvlvvv-tmpfiles.d.drv
  /nix/store/j2xmrvb84vi0ip58x6i2irvarkwkff0y-X-Restart-Triggers-systemd-tmpfiles-resetup.drv
  /nix/store/gyc1r3zcci18msjl957pm840cn7mdkp5-unit-systemd-tmpfiles-resetup.service.drv
  /nix/store/hk26lz0v6gvy65flswg3gaq4zs176gk7-unit-systemd-hostnamed.service.drv
  /nix/store/v19ppsgrfafx0vijz119zj5f8cwxcxlv-X-Restart-Triggers-reload-systemd-vconsole-setup.drv
  /nix/store/igwj6yc07mlad9pak9qyc8dw3yqis12c-unit-reload-systemd-vconsole-setup.service.drv
  /nix/store/izn6rgxv01adhfip2px411s8vhv47fzh-unit-lastlog2-import.service.drv
  /nix/store/klwv424fswmhpsa4apa49dzwz0956s3k-unit-systemd-oomd.service.drv
  /nix/store/lan03lml1x94g8c82v6k5982wmys7w8k-unit-systemd-journald-audit.socket.drv
  /nix/store/limgd7v7wfscygx5x1z63zilpnhypcpc-unit-systemd-journal-flush.service.drv
  /nix/store/m289kszs31by04y4j9gjgff8wj5fsmpg-unit-systemd-fsck-.service.drv
  /nix/store/bqp30rs7nl15na728dmxbhgn4ckf2834-unit-script-post-boot-pre-stop.drv
  /nix/store/g52kykc9xxjnr9qih9wz97gpbv2vszmb-unit-script-post-boot-start.drv
  /nix/store/mi03wdhw8xw3aj42886k9qmwx7jlz0yg-unit-post-boot.service.drv
  /nix/store/n8g8b92kkyf56licfq1fcszis8cgkv3x-unit-logrotate-checkconf.service.drv
  /nix/store/nkfl28l0dglvqk5pqzqmqmzjz6fq9ixx-unit-systemd-localed.service.drv
  /nix/store/qa30w4nfaa515h13695lp9ly9hblw41l-X-Restart-Triggers-systemd-journald.drv
  /nix/store/nlm06jnslj105imfakmhqlybg9d52kf3-unit-systemd-journald.service.drv
  /nix/store/nygkfs5a98fpg0i7m4y6hqw2v61y52lb-unit-linger-users.service.drv
  /nix/store/nzn157qfl8nk69rrd4k2qbzhc0vcr34d-unit-systemd-random-seed.service.drv
  /nix/store/p0chd3r2bx43262xgz62nkicr077kkcv-unit-nix-daemon.socket.drv
  /nix/store/pfdpj1khw8fq58zk46x8apndzqj5hrn3-unit-run-initramfs.mount.drv
  /nix/store/pm0wq36aq87r3nw9zlbk9188lizcjgiq-unit-network.target.drv
  /nix/store/q6xqk0gxgd9pz8mhr31yhpy5imgwfqrn-unit-keys.target.drv
  /nix/store/q79va8w3mv0hc5bffsmrm7v4zi6i0z7h-unit-systemd-pstore.service.drv
  /nix/store/dsd5vpp77ad6ljsc2bg5yik0dr6zzazf-unit-script-sleep-actions-start.drv
  /nix/store/qqygj84q67vz1rrylygk9xg7d07rmvis-unit-sleep-actions.service.drv
  /nix/store/am93fn6cy2impxhzz6clxvf78xfg1b5r-dhcpcd.conf.drv
  /nix/store/c384c8jigdvshqc1hjbzx1skfbvr5q38-X-Restart-Triggers-dhcpcd.drv
  /nix/store/s6xpq51rcda8rh90z9lrrdc52wf8ys9c-unit-dhcpcd.service.drv
  /nix/store/s86j9rrgirk7np6yx4xmbl0bfahcr7ah-unit-systemd-importd.service.drv
  /nix/store/shk3rz3zmynp2p58gdl30ihp89pvb9ky-unit-cpufreq.service.drv
  /nix/store/sqbsbgr06b7xq7024ys5svb2z63r2947-unit-systemd-logind.service.drv
  /nix/store/v63smwx2fydpnm17mrdkgjmvbp39hc74-unit-systemd-timedated.service.drv
  /nix/store/vknl4iv2qg1j2nlpmh07iy0fqzmvdh0y-unit-multi-user.target.drv
  /nix/store/vy9ivr61q7c1qcfmiksjp2jdh0clgnkx-unit-fs.target.drv
  /nix/store/w5qw964zh8s8vh0q920jxqp3y0d76m3q-unit-nscd.service.drv
  /nix/store/w9vbjdrgszm6hy398ixa52gp6f05cg5m-unit-run-wrappers.mount.drv
  /nix/store/wz5ms9y1hjnb0zn3yy8scbj68mcy3iy5-unit-nix-optimise.service.drv
  /nix/store/x0rbwbjzhw7qhs18gvrk7p75dsawklqn-unit-systemd-remount-fs.service.drv
  /nix/store/x7p4h4vmvkaaxinj07vm1xwp2z8af7l2-unit--.slice.drv
  /nix/store/xc8iyx7yjsjx7f1jrgcsyhcrrc73zhkk-unit-systemd-makefs-.service.drv
  /nix/store/xplphh22mmnpwvq5bgnk2zqjhbqg3fc8-unit-remote-fs.target.drv
  /nix/store/ybdc5dd7hfkrggr1c6jacf3bc5qcs5v1-unit-getty.target.drv
  /nix/store/ywd9sn84zcj12rp89lscxjs5rzf9xn4b-unit-prepare-kexec.service.drv
  /nix/store/njr010kmxn33idsa7vxm44pb4b9jw2mr-system-units.drv
  /nix/store/nx4w468npsxc2ayfklan8zk8rgvy0id1-login.defs.drv
  /nix/store/prbj85q1yvyxgr9s9yigmbvgvxmvbgld-etc-hostname.drv
  /nix/store/q8ddqdx9ddd93lgzkg0857kjkgqiqx34-runuser.pam.drv
  /nix/store/rwqd0sbxcgl82nr8i6vk2r9ixi7682zm-su.pam.drv
  /nix/store/s27i69k95qb5lnbgkqxaipc6zn6k583w-groupadd.pam.drv
  /nix/store/sglv25vhy025lkkghcsh2m5yagsa5m7z-locale.conf.drv
  /nix/store/vz85qjvyfafak4q86qk4qxywv79fjxvk-groupmems.pam.drv
  /nix/store/vzh51s21bz5rf718w4gdlw7kzhv5agrk-userdel.pam.drv
  /nix/store/sqddn63nfww6kavgfqs0lgnl2r8dnw45-systemd.drv
  /nix/store/wbbjm9q1b016jnmd33jzj7p91r1vvfxc-50-coredump.conf.drv
  /nix/store/wvyzxnmnvgaidpzj4i1khc3rg27k5qsw-etc-systemd-coredump.conf.drv
  /nix/store/i75i35izdf3sah8nrha4ib33a4vv9xm3-unit-systemd-tmpfiles-setup.service.drv
  /nix/store/y9ss202g8mzmhddy6np8svhlp1h0bj4d-unit-systemd-tmpfiles-clean.timer.drv
  /nix/store/x2p88adskksybvb5gzmf6h90c3gws0di-user-units.drv
  /nix/store/ykjl1jjg2sy3f6ddhy5ii1zbkxfrqc42-etc-dhcpcd.exit-hook.drv
  /nix/store/yshwx06zqv9x6i38xjs3r1m8k8ya6jhn-etc-systemd-user.conf.drv
  /nix/store/yy7jyybbi4p1vqaz0izgjk275qg77rzl-other.pam.drv
  /nix/store/z2y69l9lm97mk5x60p8jb8wn30hn2dyj-etc-nscd.conf.drv
  /nix/store/8j7h8fgr6y6zaq38dr9y0d5lw58qjhr0-etc.drv
  /nix/store/s0nc2dr67izg8r4p8l8c9fwplj38x237-perl-5.42.0-env.drv
  /nix/store/c8c8q6rp8f3dgjxs96rxvyia5x9m33ba-dry-activate.drv
  /nix/store/ci794dkzp21yhikc78iyv5jp2xbzcwjl-boot.json.drv
  /nix/store/r9dj6zjrcxa9d3zg8ynpavksg35b9mrg-perl-5.42.0-env.drv
  /nix/store/jccy2zgmgpd9q01p4xp5bwws4s3g9nki-activate.drv
  /nix/store/zaqkwq89x9lfl6lyqnmvr65xjyh2pskl-local-cmds.drv
  /nix/store/m2pk60q7rkqfb1ij4n0br424620g4xrz-stage-2-init.sh.drv
  /nix/store/rf74s5vs0v4m4g0klikpzdlcjzkqw8pz-perl-5.42.0-env.drv
  /nix/store/zxsai9fhwxprsxcx2n9znby0mf891cgn-nixos-system-homolog-01-26.05.20260727.2f5a153.drv
these 64 paths will be fetched (54.8 MiB download, 213.8 MiB unpacked):
  /nix/store/r28adsx5y7sclaxrm9iv9z8j5pbpcb5x-bcache-tools-1.1
  /nix/store/hfvvz52g8yvar875dkf28gzh1zf4xsq6-binutils-wrapper-2.46
  /nix/store/fs1b651bjsy5vvl65pdlsawrg9bvcp1x-boost-1.89.0
  /nix/store/06z39x5vcag2kl4lyygvid2m6pyxh6hc-btrfs-progs-6.19.1
  /nix/store/n6cyqrlvbaglda9syq9pjpwyacvq25qq-cpupower-6.18.40
  /nix/store/0sigsvpw85vbj7ig62k7x60ln60cyjrv-curl-8.21.0
  /nix/store/y2w4fw6lfqz8s6597ss8v4m27z0ksgnj-curl-8.21.0-bin
  /nix/store/w5q0apsga8y9m4ig2xsdpwk95mxp1jj9-dbus-1.16.2
  /nix/store/ypxwflqqhrgklav06v75w6mz37gcag8z-dbus-1.16.2-lib
  /nix/store/mgcy29frqxs83bidv11045bvy8g3d2bp-dbus-broker-37
  /nix/store/m4y5a3xhjmv4xvfwqfzrwjxxzq0k90vh-e2fsprogs-1.47.4-bin
  /nix/store/x0fbk0111i7m70p5wqblkbvgcnm6nr9w-elfutils-0.194
  /nix/store/0k7zryfdinlfms3zkfdy59yc3w2z59jd-fuse-2.9.9-bin
  /nix/store/3c5lhblxmbm0v1j4m8fqvfqfyi3j74f3-fuse-3.17.4
  /nix/store/6n9ziham66vfxlh83z5mln4zs7xxp7jy-fuse-3.17.4-bin
  /nix/store/xvvxr8fawizihlagn1b2az4ww2i5w217-gcc-wrapper-15.2.0
  /nix/store/psy6j5cqwgawxshj49y5q295xj7wkp6n-gnupg-2.4.9
  /nix/store/k8ciccdms80c5lfjx2vwksh838azn5yz-initrd-udev-rules
  /nix/store/a8g4x0xs0wg9sb9y36vljnb4xm5v50pm-iproute2-7.0.0
  /nix/store/5mq7r4s4bl5f1j20ywcz2smbw3337p7b-kbd-2.9.0
  /nix/store/8kaj6am21yallb02pyjgnb2vsnxdkgcj-kexec-tools-2.0.32
  /nix/store/3vjsyc8aakb0z6dfgnkfks4d3vyhmib4-kmod-31
  /nix/store/sxkrzr276qyg9vrd7mmmknhqd7w7cank-kmod-31-dev
  /nix/store/vv3awbwi723j72qzkq3d4nw73lm7vdrb-kmod-31-lib
  /nix/store/4mkvvlv7jl4bz76fb4b4yng3zj3yppix-libarchive-3.8.8-lib
  /nix/store/y8c5v9wz3q3b5hjkjff7pbq4s6l5n9y7-libbpf-1.7.0
  /nix/store/ixwb07vhf1lvjk99yrx6dxay99s0b03x-libmicrohttpd-1.0.2
  /nix/store/wv6ffc1s0zc55d7lhjqalc0mrbqvxmvc-lvm2-2.03.39-scripts
  /nix/store/lr874gzsqyvgdd6da03wml0ax0y37ckz-make-binary-wrapper-hook
  /nix/store/pzsv9kkwk5x8l6vp50965saqp9lgxh9z-man-db-2.13.1
  /nix/store/db4als9a8ms52ykq00xlcqn52qiac32q-mdadm-4.4
  /nix/store/6vgv6n98kl7g29ifnp11fdsds36r030q-nix-2.34.8
  /nix/store/ss3bmi5s64wdnbkq023w080mkb92qnfp-nix-2.34.8
  /nix/store/cqbrx7x5ylsncmga3brzwy935gqc4rm8-nix-cmd-2.34.8
  /nix/store/xdsr9mpdm52hrd5i3jm1r3m5idwzjfws-nix-expr-2.34.8
  /nix/store/xmx4jimhablfvjbhr1cxcwms9sxsky7q-nix-fetchers-2.34.8
  /nix/store/5kpmkz0gsjywlayrdyf3wx7vz6fzmx5n-nix-flake-2.34.8
  /nix/store/68bmvd6i2mdbg024aaj173idxqclga88-nix-main-2.34.8
  /nix/store/1lvvady0lhgrnhjjp9d7r54lwwhlyj0x-nix-nswrapper-2.34.8
  /nix/store/9kf8f26sgh79v55y0fji326j08d2ajzw-nix-store-2.34.8
  /nix/store/g9qhp470krkrw2b60g4dlfyjm2lwdfad-nix-util-2.34.8
  /nix/store/mgphjdmp8y590q8whsydkzk214wrh014-nixos-option
  /nix/store/xns9vydgxr84mnrd5g17kk47qssvrdgc-nixos-rebuild-ng-26.05
  /nix/store/hhlaqydzaahbiiy3aiii6zvhp8rp2i8v-pciutils-3.15.0
  /nix/store/v9zbaqfxrir9nj05rrk3cs0yv6kl354m-rsync-3.4.4
  /nix/store/vjq7hjkhh4mydp1nblb86xbnapcn7j9i-security-wrapper-fusermount-aarch64-unknown-linux-musl
  /nix/store/86h8vnqiqf2v1rc979dj9r6dz61f0d15-security-wrapper-fusermount3-aarch64-unknown-linux-musl
  /nix/store/9h1l6762kl3aayl0xlp8i85883mnpdp9-security-wrapper-mount-aarch64-unknown-linux-musl
  /nix/store/g6xp0c5bwjbivazcmiwgjc5gxg4qa7b3-security-wrapper-umount-aarch64-unknown-linux-musl
  /nix/store/scq66cpz49lpc5g47z8mx1vhzb0gpnz2-strace-7.1
  /nix/store/cmdda8dh233v48mhryzsz1z3xq6wc8gh-switch-to-configuration-0.1.0
  /nix/store/rnyz9r39b17s7n5qmb10nncd2zyclk6v-system-generators
  /nix/store/29ypjhffak1slg71v1z40fvnzs4h53c8-systemd-260.2
  /nix/store/aglzs723dhbhf5na01arfzdypvbddv9m-systemd-default-tmpfiles
  /nix/store/8pib9f8vjnvicxfvv5jc9r20iki0nz06-systemd-generator-environment.json
  /nix/store/d62pv02xiz438z0m337if4cc1h64xq52-systemd-minimal-260.2
  /nix/store/s442pw2rpdf41zil9y1jg1am4f0wy24g-tpm2-tss-4.1.3
  /nix/store/abld2gy04am6w8ylbmamipy8nwa506xa-util-linux-2.42.2-bin
  /nix/store/c7934hbl9yyl2ar90bqhx4gpiy78lama-util-linux-2.42.2-lastlog
  /nix/store/8v0pqs00h9ynx6dz0cksy3dlc4bbhlcz-util-linux-2.42.2-login
  /nix/store/qd35m8yd1f8d898pwp6cdkzvs8nz4iys-util-linux-2.42.2-mount
  /nix/store/zm982hdaflk3kndbs5nxpwi4d4niw96k-util-linux-2.42.2-swap
  /nix/store/70b8c3r05x2s2rdplqflrb2nlrgam2q1-zram-generator-1.2.1
  /nix/store/p50ip018jdfj09vih8j9rip9dn5a5hwq-zstd-1.5.7-bin
copying path '/nix/store/0sigsvpw85vbj7ig62k7x60ln60cyjrv-curl-8.21.0' from 'https://cache.nixos.org'...
copying path '/nix/store/5mq7r4s4bl5f1j20ywcz2smbw3337p7b-kbd-2.9.0' from 'https://cache.nixos.org'...
copying path '/nix/store/8kaj6am21yallb02pyjgnb2vsnxdkgcj-kexec-tools-2.0.32' from 'https://cache.nixos.org'...
copying path '/nix/store/vv3awbwi723j72qzkq3d4nw73lm7vdrb-kmod-31-lib' from 'https://cache.nixos.org'...
copying path '/nix/store/3vjsyc8aakb0z6dfgnkfks4d3vyhmib4-kmod-31' from 'https://cache.nixos.org'...
copying path '/nix/store/4mkvvlv7jl4bz76fb4b4yng3zj3yppix-libarchive-3.8.8-lib' from 'https://cache.nixos.org'...
copying path '/nix/store/ixwb07vhf1lvjk99yrx6dxay99s0b03x-libmicrohttpd-1.0.2' from 'https://cache.nixos.org'...
copying path '/nix/store/r28adsx5y7sclaxrm9iv9z8j5pbpcb5x-bcache-tools-1.1' from 'https://cache.nixos.org'...
copying path '/nix/store/0k7zryfdinlfms3zkfdy59yc3w2z59jd-fuse-2.9.9-bin' from 'https://cache.nixos.org'...
copying path '/nix/store/3c5lhblxmbm0v1j4m8fqvfqfyi3j74f3-fuse-3.17.4' from 'https://cache.nixos.org'...
copying path '/nix/store/v9zbaqfxrir9nj05rrk3cs0yv6kl354m-rsync-3.4.4' from 'https://cache.nixos.org'...
copying path '/nix/store/p50ip018jdfj09vih8j9rip9dn5a5hwq-zstd-1.5.7-bin' from 'https://cache.nixos.org'...
copying path '/nix/store/hfvvz52g8yvar875dkf28gzh1zf4xsq6-binutils-wrapper-2.46' from 'https://cache.nixos.org'...
copying path '/nix/store/8v0pqs00h9ynx6dz0cksy3dlc4bbhlcz-util-linux-2.42.2-login' from 'https://cache.nixos.org'...
copying path '/nix/store/c7934hbl9yyl2ar90bqhx4gpiy78lama-util-linux-2.42.2-lastlog' from 'https://cache.nixos.org'...
copying path '/nix/store/qd35m8yd1f8d898pwp6cdkzvs8nz4iys-util-linux-2.42.2-mount' from 'https://cache.nixos.org'...
building '/nix/store/xndwav3rklgp140l7xa0q0asnlmdvw7a-builder.pl.drv'...
building '/nix/store/mly48v0nacj62x42lhgiklkflh189y6q-chfn.pam.drv'...
building '/nix/store/cjdbhyk29wdc7hp5bfkwrwl50lvp848z-chpasswd.pam.drv'...
building '/nix/store/37rh5y54kg79m0c6hvyhcwiz0s5x75s6-chsh.pam.drv'...
building '/nix/store/40aa1i5j8qkfjjmdadw0wgfavgkmlwdi-etc-bash_logout.drv'...
building '/nix/store/br7zn160vpham6zgjzb0pwh0hmicrkcm-etc-bashrc.drv'...
building '/nix/store/ykjl1jjg2sy3f6ddhy5ii1zbkxfrqc42-etc-dhcpcd.exit-hook.drv'...
building '/nix/store/hll6j7nvi8l31ybgg94sz652wgxlzhdv-etc-environment.d-50-systemd-path.conf.drv'...
building '/nix/store/lj9xww0nnmwzwj3v1wzqfpysnp7z730a-etc-fstab.drv'...
building '/nix/store/iy0id0188qn2xxpzwhahwbknryvglky0-etc-fuse.conf.drv'...
building '/nix/store/m4hc52qwlp15wnfcagizv3kxf5kvwmf4-etc-gai.conf.drv'...
building '/nix/store/bm1xakinrzkxf04bsmli56amc62rdfi4-etc-host.conf.drv'...
building '/nix/store/prbj85q1yvyxgr9s9yigmbvgvxmvbgld-etc-hostname.drv'...
building '/nix/store/izlzjyf6f3v9rmjxzlywiyiza4rzk966-etc-lsb-release.drv'...
building '/nix/store/bcc032f09h9g1hq05x6sjv0m8cs5prkm-etc-man_db.conf.drv'...
building '/nix/store/9ysrgsyxngi5fzid9x5qzwwb2f8y8gh7-etc-modprobe.d-nixos.conf.drv'...
building '/nix/store/g8pw6kbgfih786gkfj5m29bgm4c9bfzk-etc-nanorc.drv'...
building '/nix/store/8884fgdz44zwf1iw5xcg8mzfd09dqmlz-etc-netgroup.drv'...
building '/nix/store/mfwi6b0xsvqaf1bhw9cz533l0zxfkwyp-etc-nix-registry.json.drv'...
building '/nix/store/z2y69l9lm97mk5x60p8jb8wn30hn2dyj-etc-nscd.conf.drv'...
building '/nix/store/3qnj8kqiardp9syw8q94hpmvnyrx0qm4-etc-nsswitch.conf.drv'...
building '/nix/store/izsj5pw0bk7wsn6s3qcx4jk16nhc9krd-etc-os-release.drv'...
copying path '/nix/store/fs1b651bjsy5vvl65pdlsawrg9bvcp1x-boost-1.89.0' from 'https://cache.nixos.org'...
copying path '/nix/store/06z39x5vcag2kl4lyygvid2m6pyxh6hc-btrfs-progs-6.19.1' from 'https://cache.nixos.org'...
copying path '/nix/store/zm982hdaflk3kndbs5nxpwi4d4niw96k-util-linux-2.42.2-swap' from 'https://cache.nixos.org'...
copying path '/nix/store/wv6ffc1s0zc55d7lhjqalc0mrbqvxmvc-lvm2-2.03.39-scripts' from 'https://cache.nixos.org'...
copying path '/nix/store/y2w4fw6lfqz8s6597ss8v4m27z0ksgnj-curl-8.21.0-bin' from 'https://cache.nixos.org'...
copying path '/nix/store/6n9ziham66vfxlh83z5mln4zs7xxp7jy-fuse-3.17.4-bin' from 'https://cache.nixos.org'...
copying path '/nix/store/m4y5a3xhjmv4xvfwqfzrwjxxzq0k90vh-e2fsprogs-1.47.4-bin' from 'https://cache.nixos.org'...
copying path '/nix/store/xvvxr8fawizihlagn1b2az4ww2i5w217-gcc-wrapper-15.2.0' from 'https://cache.nixos.org'...
copying path '/nix/store/hhlaqydzaahbiiy3aiii6zvhp8rp2i8v-pciutils-3.15.0' from 'https://cache.nixos.org'...
copying path '/nix/store/d62pv02xiz438z0m337if4cc1h64xq52-systemd-minimal-260.2' from 'https://cache.nixos.org'...
copying path '/nix/store/pzsv9kkwk5x8l6vp50965saqp9lgxh9z-man-db-2.13.1' from 'https://cache.nixos.org'...
copying path '/nix/store/vjq7hjkhh4mydp1nblb86xbnapcn7j9i-security-wrapper-fusermount-aarch64-unknown-linux-musl' from 'https://cache.nixos.org'...
copying path '/nix/store/x0fbk0111i7m70p5wqblkbvgcnm6nr9w-elfutils-0.194' from 'https://cache.nixos.org'...
copying path '/nix/store/s442pw2rpdf41zil9y1jg1am4f0wy24g-tpm2-tss-4.1.3' from 'https://cache.nixos.org'...
copying path '/nix/store/sxkrzr276qyg9vrd7mmmknhqd7w7cank-kmod-31-dev' from 'https://cache.nixos.org'...
copying path '/nix/store/abld2gy04am6w8ylbmamipy8nwa506xa-util-linux-2.42.2-bin' from 'https://cache.nixos.org'...
copying path '/nix/store/86h8vnqiqf2v1rc979dj9r6dz61f0d15-security-wrapper-fusermount3-aarch64-unknown-linux-musl' from 'https://cache.nixos.org'...
copying path '/nix/store/lr874gzsqyvgdd6da03wml0ax0y37ckz-make-binary-wrapper-hook' from 'https://cache.nixos.org'...
building '/nix/store/c384c8jigdvshqc1hjbzx1skfbvr5q38-X-Restart-Triggers-dhcpcd.drv'...
building '/nix/store/am93fn6cy2impxhzz6clxvf78xfg1b5r-dhcpcd.conf.drv'...
building '/nix/store/b4bac7hrz0bvd5g780psc9495998cppg-etc-lvm-lvm.conf.drv'...
building '/nix/store/kxd79kf9ldnl5pr8ndrf5vadncg9mqm6-etc-pam-environment.drv'...
building '/nix/store/mw4i9b6p98qvarn849gccpn9pk803jgr-etc-resolvconf.conf.drv'...
building '/nix/store/dsp6l1g5b6kcvpliz48hv3ch0wrkkkmq-etc-shells.drv'...
building '/nix/store/jn067rwvhjmya5kkmsxjfgv8n57gf42h-etc-ssh-ssh_known_hosts.drv'...
building '/nix/store/wvyzxnmnvgaidpzj4i1khc3rg27k5qsw-etc-systemd-coredump.conf.drv'...
building '/nix/store/pfw3yd2v2sz1yhfnkhiivlclhmpnvc5n-etc-systemd-journald.conf.drv'...
building '/nix/store/50i4v7rw8q4219vl09b6zwcgxd53s3pp-etc-systemd-logind.conf.drv'...
building '/nix/store/kfc9gn1b4shs9jbfpa9lkvc79yzzsfnq-etc-systemd-oomd.conf.drv'...
building '/nix/store/49r343w5n3n84lhqhf28mqlfp90ysprj-etc-systemd-sleep.conf.drv'...
building '/nix/store/34wrqbk4igbg2c2bnk0gm4vmhh9wgyki-etc-systemd-system-preset-00-nixos.preset.drv'...
building '/nix/store/4yx8cjm48cm8yb01pjkpqkawbyyphxvx-etc-systemd-timesyncd.conf.drv'...
building '/nix/store/9hwjxashd9afm2pcdzifcrbaz632xzam-etc-systemd-user-preset-00-nixos.preset.drv'...
building '/nix/store/yshwx06zqv9x6i38xjs3r1m8k8ya6jhn-etc-systemd-user.conf.drv'...
copying path '/nix/store/n6cyqrlvbaglda9syq9pjpwyacvq25qq-cpupower-6.18.40' from 'https://cache.nixos.org'...
copying path '/nix/store/8pib9f8vjnvicxfvv5jc9r20iki0nz06-systemd-generator-environment.json' from 'https://cache.nixos.org'...
building '/nix/store/r5kjzsqzffnfla3dzl09xkf6l4nf8cm2-extlinux-conf-builder.sh.drv'...
building '/nix/store/w657rq2r3csrhq3g0cb4qm6p6ld6fi5j-extra-hosts.drv'...
building '/nix/store/gv7bzf41gmkbkwcfbhzwxwysim2fyzyr-extra-hwdb-file.drv'...
building '/nix/store/9jrgq24qpi3kvv3v29g2hr9s7ahgq790-extra-udev-rules.drv'...
building '/nix/store/d326278kaclgmk0bhvl2b1lz1kg6lkvr-firewall-start.drv'...
copying path '/nix/store/psy6j5cqwgawxshj49y5q295xj7wkp6n-gnupg-2.4.9' from 'https://cache.nixos.org'...
copying path '/nix/store/y8c5v9wz3q3b5hjkjff7pbq4s6l5n9y7-libbpf-1.7.0' from 'https://cache.nixos.org'...
copying path '/nix/store/scq66cpz49lpc5g47z8mx1vhzb0gpnz2-strace-7.1' from 'https://cache.nixos.org'...
building '/nix/store/chclypr5aji9jfrw98y23d65lj8p0lm3-etc-systemd-system.conf.drv'...
building '/nix/store/ziym00rl8h57vma1zxrqgsicq8lxqb2d-firewall-stop.drv'...
building '/nix/store/s27i69k95qb5lnbgkqxaipc6zn6k583w-groupadd.pam.drv'...
building '/nix/store/c5a5xf5sbkarqkqs9fxx74d2r3ccix42-groupdel.pam.drv'...
building '/nix/store/vz85qjvyfafak4q86qk4qxywv79fjxvk-groupmems.pam.drv'...
building '/nix/store/0vj78zf0r7hawblib2a8gzyq59z1hkly-groupmod.pam.drv'...
building '/nix/store/d6l8z4iqjz8bgr41lvdfrcgi24w9hw1k-X-Restart-Triggers-resolvconf.drv'...
building '/nix/store/kh9x0j62zs5hrkj7nffrdmp00bdkfph7-initrd-fstab.drv'...
building '/nix/store/v66f02ah52r9nvqfzcgyknwdr01qksjw-initrd-group.drv'...
building '/nix/store/pvj1vxrs9cz6mcr8pz7ksxr3s72ad5l0-initrd-hostname.drv'...
building '/nix/store/6f4i2y220mn2mrh21rbqk911harqarkv-initrd-nixos.conf.drv'...
building '/nix/store/js2mlwd5zhlajvvrfx3b8f4gr2zp9hgf-initrd-nixos.conf.drv'...
building '/nix/store/zrj3b3876v7mysjm0ign3hkrdihfwyjd-initrd-passwd.drv'...
building '/nix/store/rzv6vz5l5z06afipgvqxdr4p8xwnbn6i-initrd-release.drv'...
building '/nix/store/1xfywk1ajc7cd8a6n25dbsy641r7afsb-X-Restart-Triggers-systemd-journald-.drv'...
building '/nix/store/qa30w4nfaa515h13695lp9ly9hblw41l-X-Restart-Triggers-systemd-journald.drv'...
building '/nix/store/25zd7cql61cpvs9ir40pklk14hkbhy8g-X-Restart-Triggers-systemd-timesyncd.drv'...
building '/nix/store/9dzq305b0kgq8bsqgwqqrkn4cxgbrfhg-initrd-shadow.drv'...
copying path '/nix/store/a8g4x0xs0wg9sb9y36vljnb4xm5v50pm-iproute2-7.0.0' from 'https://cache.nixos.org'...
copying path '/nix/store/db4als9a8ms52ykq00xlcqn52qiac32q-mdadm-4.4' from 'https://cache.nixos.org'...
copying path '/nix/store/9h1l6762kl3aayl0xlp8i85883mnpdp9-security-wrapper-mount-aarch64-unknown-linux-musl' from 'https://cache.nixos.org'...
copying path '/nix/store/29ypjhffak1slg71v1z40fvnzs4h53c8-systemd-260.2' from 'https://cache.nixos.org'...
copying path '/nix/store/g6xp0c5bwjbivazcmiwgjc5gxg4qa7b3-security-wrapper-umount-aarch64-unknown-linux-musl' from 'https://cache.nixos.org'...
building '/nix/store/a4lipznpig9ddw9vcda2ck4fbh7d77m9-initrd-shells.drv'...
building '/nix/store/y7rmscqv9f8a0nzn84qmcfl6spz43wwl-initrd-udev-rules.drv'...
building '/nix/store/lfd58d016vrfc1kl5nqjwjq1nfqmv8rc-ipv6-privacy-extensions.rules.drv'...
building '/nix/store/xhal9jsmvi3q3bhqmm119wzksimk9814-ipv6-privacy-extensions.rules.drv'...
building '/nix/store/j59v384kbffygzfb4gvim0nv7vyyzlac-issue.drv'...
building '/nix/store/hi04waish9vw8j1w5svrk8vj4p7zci5y-console-env.drv'...
building '/nix/store/gyadzwrv0s4xvrh8kv876i1jpbnl4dip-firewall-reload.drv'...
building '/nix/store/mfizbr9cw0vw2qq9dgikwjdy0a75ns20-firmware.drv'...
building '/nix/store/c904yd43w5a165ihn4cxq4y3nir4imv7-fontconfig-etc.drv'...
building '/nix/store/sf5i9wdnf1kziynzn100vzszkz14y5ni-getty.drv'...
building '/nix/store/h6gz9dwxd3izwhdbzdwgflzvpdw76adw-initrd-unit-env.drv'...
building '/nix/store/l5lj2w1fgp1m3dr848k5krp0wga0sr0c-lessconfig.drv'...
building '/nix/store/28myv15l6b93r13lf903sa8bpqnnzkfn-initrd-system.conf.drv'...
building '/nix/store/80pzba16bqxqpak9z9kq2ksqgg7h97p8-linux-6.18.40-modules.drv'...
building '/nix/store/zaqkwq89x9lfl6lyqnmvr65xjyh2pskl-local-cmds.drv'...
building '/nix/store/sglv25vhy025lkkghcsh2m5yagsa5m7z-locale.conf.drv'...
building '/nix/store/cj5m9iwzlygqa5sbqvdkp8dzxcm8bgac-localhost-hosts.drv'...
building '/nix/store/nx4w468npsxc2ayfklan8zk8rgvy0id1-login.defs.drv'...
building '/nix/store/zkyyh7lxlqz8nq94d9bk4yrd474l753n-logrotate.conf.drv'...
building '/nix/store/552lij56lq7s5l84bcc0wj8nzg24bbi0-migrate-dhcpcd.drv'...
copying path '/nix/store/g9qhp470krkrw2b60g4dlfyjm2lwdfad-nix-util-2.34.8' from 'https://cache.nixos.org'...
building '/nix/store/6462s36ly479r1y1caisnd3z99rx6cg5-mounts.sh.drv'...
building '/nix/store/89bqd2immm03ws1pfkih6jmcqxp4b3v6-nixos-build-vms.drv'...
building '/nix/store/gamgmhx91hcmb6rx2skakkvl012f77fv-nixos-enter.drv'...
building '/nix/store/1ln5l2yxb3ylbf8j442i63kywkjh19xy-nixos-tmpfiles.d.drv'...
building '/nix/store/dpmrp9afa1xc4scqi2can3jdhnpm9dfs-nixos-version.drv'...
building '/nix/store/4pnxn23mp13h86rbw7s92sba3x6y3nsn-nixos.conf.drv'...
building '/nix/store/0im75hj6gy0dd0j0yd99b1rwnwh7wraa-nuke-refs.drv'...
building '/nix/store/yy7jyybbi4p1vqaz0izgjk275qg77rzl-other.pam.drv'...
building '/nix/store/6d7qdal02cpdw7rhazfhvb8xcm17ss52-passwd.pam.drv'...
building '/nix/store/hv06ig2bp1im09b2npqz5vz7xcgxa6ck-perl-5.42.0-env.drv'...
building '/nix/store/r9dj6zjrcxa9d3zg8ynpavksg35b9mrg-perl-5.42.0-env.drv'...
copying path '/nix/store/1lvvady0lhgrnhjjp9d7r54lwwhlyj0x-nix-nswrapper-2.34.8' from 'https://cache.nixos.org'...
copying path '/nix/store/9kf8f26sgh79v55y0fji326j08d2ajzw-nix-store-2.34.8' from 'https://cache.nixos.org'...
building '/nix/store/jaw9k662smabh4n4ls5krr45l2s7ffgg-getty.drv'...
building '/nix/store/34n254xpc80qimm59cfc47vy0nk9vbql-install-extlinux-conf.sh.drv'...
building '/nix/store/rf74s5vs0v4m4g0klikpzdlcjzkqw8pz-perl-5.42.0-env.drv'...
building '/nix/store/s0nc2dr67izg8r4p8l8c9fwplj38x237-perl-5.42.0-env.drv'...
building '/nix/store/llzgbf03f96k4cvmrm9dyvql6c2xd7if-runuser-l.pam.drv'...
building '/nix/store/q8ddqdx9ddd93lgzkg0857kjkgqiqx34-runuser.pam.drv'...
building '/nix/store/i3g10qnjavdll1fc35i2ydmxg4g0qab5-set-environment.drv'...
building '/nix/store/m2pk60q7rkqfb1ij4n0br424620g4xrz-stage-2-init.sh.drv'...
building '/nix/store/8vilqdgwdwld2h425srq06vf8y5dinp4-string-hosts.drv'...
building '/nix/store/rwqd0sbxcgl82nr8i6vk2r9ixi7682zm-su.pam.drv'...
copying path '/nix/store/ypxwflqqhrgklav06v75w6mz37gcag8z-dbus-1.16.2-lib' from 'https://cache.nixos.org'...
building '/nix/store/875szi4v7pik0dbzvnligmlz7bvhhrq8-X-Restart-Triggers-systemd-modules-load.drv'...
building '/nix/store/kdwcyyzbbmpi9z3qlwyf6vmk9i29ykl3-sudo.pam.drv'...
copying path '/nix/store/xmx4jimhablfvjbhr1cxcwms9sxsky7q-nix-fetchers-2.34.8' from 'https://cache.nixos.org'...
copying path '/nix/store/68bmvd6i2mdbg024aaj173idxqclga88-nix-main-2.34.8' from 'https://cache.nixos.org'...
building '/nix/store/x7p4h4vmvkaaxinj07vm1xwp2z8af7l2-unit--.slice.drv'...
building '/nix/store/czsmvsna0vaga8akfrs190a42sxqy6qd-unit-console-getty.service-disabled.drv'...
building '/nix/store/ld53h3fa2n3wdyddsvxchqvnsrqj58j7-unit-dbus.service.drv'...
copying path '/nix/store/w5q0apsga8y9m4ig2xsdpwk95mxp1jj9-dbus-1.16.2' from 'https://cache.nixos.org'...
copying path '/nix/store/cmdda8dh233v48mhryzsz1z3xq6wc8gh-switch-to-configuration-0.1.0' from 'https://cache.nixos.org'...
building '/nix/store/khg67wbfys36phklvgyj2x54vrpm4ik9-etc-modprobe.d-firmware.conf.drv'...
building '/nix/store/1vg4m44c0bmgvv1815y5kh1ci6lakfhn-unit-dbus.socket.drv'...
building '/nix/store/hj4mhcxr3bqq8pm987fzg5asifm0zg0f-unit-dbus.socket.drv'...
copying path '/nix/store/xdsr9mpdm52hrd5i3jm1r3m5idwzjfws-nix-expr-2.34.8' from 'https://cache.nixos.org'...
building '/nix/store/vy9ivr61q7c1qcfmiksjp2jdh0clgnkx-unit-fs.target.drv'...
building '/nix/store/d7f6pjh8bb59f0c1wwgx8gjkmpnxrldc-unit-fstrim.timer.drv'...
building '/nix/store/ybdc5dd7hfkrggr1c6jacf3bc5qcs5v1-unit-getty.target.drv'...
building '/nix/store/30wwmgbmvwrr8jjdkv59bjpc6cxsjy8l-etc-profile.drv'...
building '/nix/store/xw3gnghyyi01nfx6sjgjg4pylg55p57n-unit-initrd-parse-etc.service.drv'...
building '/nix/store/9d6cyxcy9s9d1bmrsdgrj7s7yrb97d4c-unit-initrd-switch-root.service.drv'...
copying path '/nix/store/5kpmkz0gsjywlayrdyf3wx7vz6fzmx5n-nix-flake-2.34.8' from 'https://cache.nixos.org'...
building '/nix/store/22pz38h89n8id16gj9az8r7iam2gfpik-hosts.drv'...
building '/nix/store/j1jxml1p5j55alhzcklcqq80dw9bn4ns-unit-initrd.target.drv'...
copying path '/nix/store/cqbrx7x5ylsncmga3brzwy935gqc4rm8-nix-cmd-2.34.8' from 'https://cache.nixos.org'...
building '/nix/store/q6xqk0gxgd9pz8mhr31yhpy5imgwfqrn-unit-keys.target.drv'...
building '/nix/store/7xywyh6wjx4bqz83r8v7lrrd8rdi47z9-unit-local-fs.target.drv'...
building '/nix/store/4a8p0xsr29yhdq8g5r2fb1aswhr7hmwc-unit-logrotate.timer.drv'...
copying path '/nix/store/6vgv6n98kl7g29ifnp11fdsds36r030q-nix-2.34.8' from 'https://cache.nixos.org'...
building '/nix/store/gg0rkkpam1fsi6nzba69w2iff44545py-unit-modprobe-.service.drv'...
building '/nix/store/vknl4iv2qg1j2nlpmh07iy0fqzmvdh0y-unit-multi-user.target.drv'...
building '/nix/store/pm0wq36aq87r3nw9zlbk9188lizcjgiq-unit-network.target.drv'...
building '/nix/store/an53y7ah5hgbjpsyql7j6m6nfkrxpqw0-unit-networking-scripted.target.drv'...
building '/nix/store/p0chd3r2bx43262xgz62nkicr077kkcv-unit-nix-daemon.socket.drv'...
building '/nix/store/78bvzxrvj54q0jy0q7w6r02fwfyhgfb3-unit-nixos-fake-graphical-session.target.drv'...
building '/nix/store/dirad6g0kdn28bb5d34xffqb16qcjlvd-unit-panic-on-fail.service.drv'...
building '/nix/store/xplphh22mmnpwvq5bgnk2zqjhbqg3fc8-unit-remote-fs.target.drv'...
copying path '/nix/store/ss3bmi5s64wdnbkq023w080mkb92qnfp-nix-2.34.8' from 'https://cache.nixos.org'...
building '/nix/store/pfdpj1khw8fq58zk46x8apndzqj5hrn3-unit-run-initramfs.mount.drv'...
building '/nix/store/w9vbjdrgszm6hy398ixa52gp6f05cg5m-unit-run-wrappers.mount.drv'...
copying path '/nix/store/xns9vydgxr84mnrd5g17kk47qssvrdgc-nixos-rebuild-ng-26.05' from 'https://cache.nixos.org'...
copying path '/nix/store/mgphjdmp8y590q8whsydkzk214wrh014-nixos-option' from 'https://cache.nixos.org'...
building '/nix/store/vllc8azhqmn9p9h8v3xlyhg9827n1vwj-linux-6.18.40-modules-shrunk.drv'...
building '/nix/store/i4fx4s066p68kd5rqq261jf4p67vq1ps-unit-script-initrd-find-nixos-closure-start.drv'...
building '/nix/store/pwl6saqvrm1i1dhwjhj23sc3c122l0pz-unit-script-initrd-nixos-activation-start.drv'...
copying path '/nix/store/mgcy29frqxs83bidv11045bvy8g3d2bp-dbus-broker-37' from 'https://cache.nixos.org'...
copying path '/nix/store/k8ciccdms80c5lfjx2vwksh838azn5yz-initrd-udev-rules' from 'https://cache.nixos.org'...
copying path '/nix/store/aglzs723dhbhf5na01arfzdypvbddv9m-systemd-default-tmpfiles' from 'https://cache.nixos.org'...
copying path '/nix/store/70b8c3r05x2s2rdplqflrb2nlrgam2q1-zram-generator-1.2.1' from 'https://cache.nixos.org'...
building '/nix/store/r4ppkdixicsp29a0q9yd996fsl9cf43j-nix.conf.drv'...
building '/nix/store/fm5xykqqjw7y25br5a34yx29419z0zji-unit-script-network-local-commands-start.drv'...
building '/nix/store/zf3nfxsbi5vw7hiy2v9nd4h1sg072s1k-unit-script-nix-gc-start.drv'...
building '/nix/store/bqp30rs7nl15na728dmxbhgn4ckf2834-unit-script-post-boot-pre-stop.drv'...
copying path '/nix/store/rnyz9r39b17s7n5qmb10nncd2zyclk6v-system-generators' from 'https://cache.nixos.org'...
building '/nix/store/dy4n11bqpjky17ha8gcx609l3v4zv7lq-dbus-1.drv'...
building '/nix/store/54qryhg7q0xvvj9kahsldzd20kam6n13-etc-ssh-ssh_config.drv'...
building '/nix/store/dw770pf8pdjx8w28gcqq74d6mpinr6cz-etc-sysctl.d-60-nixos.conf.drv'...
building '/nix/store/04d047pi8whg8hqc4sli830ii699pc58-hostname.drv'...
building '/nix/store/d4ccbg40n9r8b7m6mh1c3nbbpvmjq6ij-hwdb.bin.drv'...
building '/nix/store/an4cpac6m34fafiz6pn7s12c5mfqajid-initrd-bin-env.drv'...
building '/nix/store/0kcr1j9ksns1l61h64iy53f3s4d8ixgs-login.pam.drv'...
building '/nix/store/43wm0anp8mc5cb5cmq3cg82saaynjy23-nixos-install.drv'...
building '/nix/store/nblx0x5r24fdg8bslrnmyrp2idwfmw2y-shutdown-ramfs-contents.json.drv'...
building '/nix/store/5rl29q5cab77xl1f4d6i8z1k2l3zpa2h-systemd-user.pam.drv'...
building '/nix/store/sqddn63nfww6kavgfqs0lgnl2r8dnw45-systemd.drv'...
building '/nix/store/r5gviipsrb15ydxsryhg036rsmyvlvvv-tmpfiles.d.drv'...
building '/nix/store/p6igiip8hcibn52plq2s7lmhh5zswxhs-udev-path.drv'...
building '/nix/store/7ig1m9nm8xz9zaymas0akl9vgap1a2pk-unit-container-getty-.service.drv'...
building '/nix/store/shk3rz3zmynp2p58gdl30ihp89pvb9ky-unit-cpufreq.service.drv'...
building '/nix/store/6ciyx40q6bc0f8aqxq1vjq2n92g0rvys-unit-dbus.service.drv'...
building '/nix/store/2sxxqxmiadyykpn3kh7qvkrnpai4wab7-unit-firewall.service.drv'...
building '/nix/store/9x00k75a4yrj8599qr2hznh3wrwx9pq5-unit-getty-.service.drv'...
building '/nix/store/f0ab8bfbxs94jwamliwq5bxr4469yiav-X-Restart-Triggers-nix-daemon.drv'...
building '/nix/store/k1k0asbclg7ghcj4l37dg9lgzcli1cg5-unit-initrd-find-nixos-closure.service.drv'...
building '/nix/store/gbvsqlns0ljh8c85zm1236v19shxjv1x-X-Restart-Triggers-systemd-sysctl.drv'...
building '/nix/store/s6xpq51rcda8rh90z9lrrdc52wf8ys9c-unit-dhcpcd.service.drv'...
building '/nix/store/d74c7lxbja3iggqzfbrxbd4cv9nvld8c-unit-generate-shutdown-ramfs.service.drv'...
building '/nix/store/j8x6j2bnkq56nc0pwyv6cbm945xqilll-unit-initrd-nixos-activation.service.drv'...
building '/nix/store/g2ks4qx55bfrgp299j6md9d3377559cl-unit-kmod-static-nodes.service.drv'...
building '/nix/store/wbbjm9q1b016jnmd33jzj7p91r1vvfxc-50-coredump.conf.drv'...
building '/nix/store/izn6rgxv01adhfip2px411s8vhv47fzh-unit-lastlog2-import.service.drv'...
building '/nix/store/n8g8b92kkyf56licfq1fcszis8cgkv3x-unit-logrotate-checkconf.service.drv'...
building '/nix/store/5h6hwzn02fn9zvmyiyckbw1hg749rz5b-unit-logrotate.service.drv'...
building '/nix/store/04ykmik1m38maxjs63279rb7fdr6dy5m-unit-modprobe-.service.drv'...
building '/nix/store/9p2hla6giym4ba5zfrl0wl0dvvv76ic3-unit-network-local-commands.service.drv'...
building '/nix/store/dnxji5hd0rcm9p1k98ahlakid675z6k2-unit-nix-gc.service.drv'...
building '/nix/store/34a15ljcg38id852xkp75dbvxzay30ra-unit-nix-daemon.service.drv'...
building '/nix/store/wz5ms9y1hjnb0zn3yy8scbj68mcy3iy5-unit-nix-optimise.service.drv'...
building '/nix/store/w5qw964zh8s8vh0q920jxqp3y0d76m3q-unit-nscd.service.drv'...
building '/nix/store/j2xmrvb84vi0ip58x6i2irvarkwkff0y-X-Restart-Triggers-systemd-tmpfiles-resetup.drv'...
building '/nix/store/avhmdbdaymwd82vq2dcgkdiyxihb3qxc-udev-rules.drv'...
building '/nix/store/7w3dfd2hj4b0kqwlchr16zs0nf1rpd6n-unit-script-linger-users-start.drv'...
building '/nix/store/d0al9j55ryzhx6wfw7sqy21pcxz0j2hx-unit-script-nixos-activation-start.drv'...
building '/nix/store/g52kykc9xxjnr9qih9wz97gpbv2vszmb-unit-script-post-boot-start.drv'...
building '/nix/store/7pkas06b3a4s0q27fmfb2li30bcspyar-unit-script-prepare-kexec-start.drv'...
building '/nix/store/mfa34z9f6hfkrqiw4fzqjwvxmriyk67j-unit-script-resolvconf-start.drv'...
building '/nix/store/v0cfv258jfr7a08gfkz97ai5xfavbh2v-initrd-udev-rules.drv'...
building '/nix/store/7nr39i9np3hkqsd2d91mgvlvkfcv6pf4-unit-script-sleep-actions-pre-stop.drv'...
building '/nix/store/dsd5vpp77ad6ljsc2bg5yik0dr6zzazf-unit-script-sleep-actions-start.drv'...
building '/nix/store/h4b1g4l5xg3b4jb5xplj4c4wfhb0a5ab-unit-script-suid-sgid-wrappers-start.drv'...
building '/nix/store/bcy501z8q94wm29n8030zrjq6svsj7j6-unit-serial-getty-.service.drv'...
building '/nix/store/99ccqp9k1mgnjp7w2v53l9pmqzpnhifz-unit-sockets.target.drv'...
building '/nix/store/570kpis593j3mqlpl6l6gwdvbipbb9zv-unit-sysinit-reactivation.target.drv'...
building '/nix/store/4gyymz5bagd600h1nz9gs7pagqy1bczv-unit-sysroot-run.mount.drv'...
building '/nix/store/8sgnc35fgg9mp3924qd4v6gr68cp13xd-unit-system.slice.drv'...
building '/nix/store/cfgbymimrr3ilgi3qp0yi8xw0f8ph9n0-unit-systemd-backlight-.service.drv'...
building '/nix/store/m289kszs31by04y4j9gjgff8wj5fsmpg-unit-systemd-fsck-.service.drv'...
building '/nix/store/hk26lz0v6gvy65flswg3gaq4zs176gk7-unit-systemd-hostnamed.service.drv'...
building '/nix/store/nygkfs5a98fpg0i7m4y6hqw2v61y52lb-unit-linger-users.service.drv'...
building '/nix/store/5p14bmnmmbg632jjmn7fdrgbc414h7vb-unit-nixos-activation.service.drv'...
building '/nix/store/mi03wdhw8xw3aj42886k9qmwx7jlz0yg-unit-post-boot.service.drv'...
building '/nix/store/ywd9sn84zcj12rp89lscxjs5rzf9xn4b-unit-prepare-kexec.service.drv'...
building '/nix/store/5zzii0cslrh7yyw96kd4m470ylpn2fw7-unit-resolvconf.service.drv'...
building '/nix/store/qqygj84q67vz1rrylygk9xg7d07rmvis-unit-sleep-actions.service.drv'...
building '/nix/store/s86j9rrgirk7np6yx4xmbl0bfahcr7ah-unit-systemd-importd.service.drv'...
building '/nix/store/6vbramq9rc04pcag7a7zsz7pjfibqnlq-unit-suid-sgid-wrappers.service.drv'...
building '/nix/store/limgd7v7wfscygx5x1z63zilpnhypcpc-unit-systemd-journal-flush.service.drv'...
building '/nix/store/g57rhg22jvjjhxvqyrhw6p6br8x7lfyw-unit-systemd-journald-.service.drv'...
building '/nix/store/lan03lml1x94g8c82v6k5982wmys7w8k-unit-systemd-journald-audit.socket.drv'...
building '/nix/store/nlm06jnslj105imfakmhqlybg9d52kf3-unit-systemd-journald.service.drv'...
building '/nix/store/nkfl28l0dglvqk5pqzqmqmzjz6fq9ixx-unit-systemd-localed.service.drv'...
building '/nix/store/sqbsbgr06b7xq7024ys5svb2z63r2947-unit-systemd-logind.service.drv'...
building '/nix/store/xc8iyx7yjsjx7f1jrgcsyhcrrc73zhkk-unit-systemd-makefs-.service.drv'...
building '/nix/store/ddgx8abbzrslwb7hhj1szwac5lk39vrv-unit-systemd-mkswap-.service.drv'...
building '/nix/store/47gjpkh5lbyniym1lh0r0n7f6d77cgl2-unit-systemd-modules-load.service.drv'...
building '/nix/store/9h64d97391wfiqws1lf1bm9l58h0cxah-unit-systemd-nspawn-.service.drv'...
building '/nix/store/klwv424fswmhpsa4apa49dzwz0956s3k-unit-systemd-oomd.service.drv'...
building '/nix/store/q79va8w3mv0hc5bffsmrm7v4zi6i0z7h-unit-systemd-pstore.service.drv'...
building '/nix/store/nzn157qfl8nk69rrd4k2qbzhc0vcr34d-unit-systemd-random-seed.service.drv'...
building '/nix/store/x0rbwbjzhw7qhs18gvrk7p75dsawklqn-unit-systemd-remount-fs.service.drv'...
building '/nix/store/84qf764y3x6gyvqx3f2yv0byhfb004bd-unit-systemd-sysctl.service.drv'...
building '/nix/store/v63smwx2fydpnm17mrdkgjmvbp39hc74-unit-systemd-timedated.service.drv'...
building '/nix/store/689081w0lp09dj6ribhlivdlkp4x1nff-unit-systemd-timesyncd.service.drv'...
building '/nix/store/y9ss202g8mzmhddy6np8svhlp1h0bj4d-unit-systemd-tmpfiles-clean.timer.drv'...
building '/nix/store/gyc1r3zcci18msjl957pm840cn7mdkp5-unit-systemd-tmpfiles-resetup.service.drv'...
building '/nix/store/85c4zimnjspd9yb35z06l2k6s4pcpfxg-unit-systemd-tmpfiles-setup-sysroot.service.drv'...
building '/nix/store/cx9805d1kxijcgvaz7sw4b60qq79b76x-unit-systemd-tmpfiles-setup.service.drv'...
building '/nix/store/i75i35izdf3sah8nrha4ib33a4vv9xm3-unit-systemd-tmpfiles-setup.service.drv'...
building '/nix/store/0c5girc0d3k35vwpb3bc0f6lf2wyy20k-unit-systemd-update-utmp.service.drv'...
building '/nix/store/5qhk215cflbjgj23q6srr204s3qr70m2-unit-systemd-user-sessions.service.drv'...
building '/nix/store/5yycgl6vz95z7s8fpv44dbpkcwhb4g85-unit-systemd-zram-setup-.service.drv'...
building '/nix/store/6szhwv4b9kimdmlays1w155z5zd4cq4y-unit-user-.service.drv'...
building '/nix/store/6k4adxa4391s8zrzrc1nh88ki08047yr-unit-user-runtime-dir-.service.drv'...
building '/nix/store/867slc2fmg5w0l77rc6jhk9m0lzhj74n-unit-user.slice.drv'...
building '/nix/store/j70a5qd0yisma5vk401pk3g7ycfk134z-useradd.drv'...
building '/nix/store/d74zsr5mhhvh35hp25h8m4dzhrysd4zd-useradd.pam.drv'...
building '/nix/store/vzh51s21bz5rf718w4gdlw7kzhv5agrk-userdel.pam.drv'...
building '/nix/store/4hm9hyylxks3nwfgm1lgacnv5zv2zadr-usermod.pam.drv'...
building '/nix/store/70hvdcc02vn5hwisddllmnlmmgfnzhfa-X-Restart-Triggers-systemd-udevd.drv'...
building '/nix/store/0r0lbzakd2xdr5xnsxqsqs2nrdcbnbix-users-groups.json.drv'...
building '/nix/store/k856x7s7wh0v6cfxk00qw8669p3z0j8p-vconsole.conf.drv'...
building '/nix/store/fb6da56dw8pdxc4pxmgi4xww50809h70-vlock.pam.drv'...
building '/nix/store/cfn75d7478aypwv807xzi2gkldp8j99d-initrd-units.drv'...
building '/nix/store/dxw70spv1dx3n0lqdqcy2aixwp3fdi72-zram-generator.conf.drv'...
building '/nix/store/3cjac2g0pndga36wy7zhb0sl8f6acbkm-unit-systemd-udevd.service.drv'...
building '/nix/store/v19ppsgrfafx0vijz119zj5f8cwxcxlv-X-Restart-Triggers-reload-systemd-vconsole-setup.drv'...
building '/nix/store/igwj6yc07mlad9pak9qyc8dw3yqis12c-unit-reload-systemd-vconsole-setup.service.drv'...
building '/nix/store/3xlz960c0hyq6l2yj9wsn3f8a8xcix0m-initrd-linux-6.18.40.drv'...
building '/nix/store/ci794dkzp21yhikc78iyv5jp2xbzcwjl-boot.json.drv'...
building '/nix/store/c8c8q6rp8f3dgjxs96rxvyia5x9m33ba-dry-activate.drv'...
building '/nix/store/8b4bgyhlry7zk158f4bzsk5jqf18m50c-nixos-generate-config.drv'...
building '/nix/store/q0vw8ifs5pvnm7kfk7xfln2zwayx5yis-system-path.drv'...
building '/nix/store/xlvbkwv8ha9dj2iv0zqrdy7776yxdpcf-dbus-1.drv'...
building '/nix/store/wb70k43lry1w1igaxyv28qqvq229xx8q-X-Restart-Triggers-dbus-broker.drv'...
building '/nix/store/79p2jn12mjkijvl5wsyz7ngnd6k89b9h-unit-dbus-broker.service.drv'...
building '/nix/store/dqx0nss62ncv7am6wzsvj9b78r9dsah3-unit-dbus-broker.service.drv'...
building '/nix/store/njr010kmxn33idsa7vxm44pb4b9jw2mr-system-units.drv'...
building '/nix/store/x2p88adskksybvb5gzmf6h90c3gws0di-user-units.drv'...
building '/nix/store/8j7h8fgr6y6zaq38dr9y0d5lw58qjhr0-etc.drv'...
building '/nix/store/jccy2zgmgpd9q01p4xp5bwws4s3g9nki-activate.drv'...
building '/nix/store/zxsai9fhwxprsxcx2n9znby0mf891cgn-nixos-system-homolog-01-26.05.20260727.2f5a153.drv'...
